#
# There is insufficient memory for the Java Runtime Environment to continue.
# Native memory allocation (mmap) failed to map 532676608 bytes. Error detail: G1 virtual space
# Possible reasons:
#   The system is out of physical RAM or swap space
#   This process is running with CompressedOops enabled, and the Java Heap may be blocking the growth of the native heap
# Possible solutions:
#   Reduce memory load on the system
#   Increase physical memory or swap space
#   Check if swap backing store is full
#   Decrease Java heap size (-Xmx/-Xms)
#   Decrease number of Java threads
#   Decrease Java thread stack sizes (-Xss)
#   Set larger code cache with -XX:ReservedCodeCacheSize=
#   JVM is running with Zero Based Compressed Oops mode in which the Java heap is
#     placed in the first 32GB address space. The Java Heap base address is the
#     maximum limit for the native heap growth. Please use -XX:HeapBaseMinAddress
#     to set the Java Heap base and to place the Java Heap above 32GB virtual address.
# This output file may be truncated or incomplete.
#
#  Out of Memory Error (os_windows.cpp:3554), pid=6128, tid=11860
#
# JRE version:  (25.0.3+9) (build )
# Java VM: Java HotSpot(TM) 64-Bit Server VM (25.0.3+9-LTS-195, mixed mode, sharing, tiered, compressed oops, compressed class ptrs, g1 gc, windows-amd64)
# No core dump will be written. Minidumps are not enabled by default on client versions of Windows
#

---------------  S U M M A R Y ------------

Command Line: --enable-native-access=ALL-UNNAMED 

Host: 13th Gen Intel(R) Core(TM) i9-13900H, 20 cores, 31G,  Windows 11 , 64 bit Build 26100 (10.0.26100.8875)
Time: Tue Aug 11 21:31:04 2026 Central Europe Summer Time elapsed time: 2.335452 seconds (0d 0h 0m 2s)

---------------  T H R E A D  ---------------

Current thread (0x000001904a715680):  JavaThread "Unknown thread" [_thread_in_vm, id=11860, stack(0x0000000346c00000,0x0000000346d00000) (1024K)]

Stack: [0x0000000346c00000,0x0000000346d00000]
Native frames: (J=compiled Java code, j=interpreted, Vv=VM code, C=native code)
V  [jvm.dll+0x7a7d69]  (no source info available)
V  [jvm.dll+0x7739dd]  (no source info available)
V  [jvm.dll+0x9669f3]  (no source info available)
V  [jvm.dll+0x968ff1]  (no source info available)
V  [jvm.dll+0x969703]  (no source info available)
V  [jvm.dll+0x2fc9e6]  (no source info available)
V  [jvm.dll+0x7a3f95]  (no source info available)
V  [jvm.dll+0x7973a7]  (no source info available)
V  [jvm.dll+0x3f4e38]  (no source info available)
V  [jvm.dll+0x3fcd86]  (no source info available)
V  [jvm.dll+0x3e942e]  (no source info available)
V  [jvm.dll+0x3e96e8]  (no source info available)
V  [jvm.dll+0x3c0435]  (no source info available)
V  [jvm.dll+0x3c10be]  (no source info available)
V  [jvm.dll+0x92da97]  (no source info available)
V  [jvm.dll+0x4593d2]  (no source info available)
V  [jvm.dll+0x911442]  (no source info available)
V  [jvm.dll+0x4f9ef1]  (no source info available)
V  [jvm.dll+0x4fb781]  (no source info available)
C  [jli.dll+0x543e]  (no source info available)
C  [ucrtbase.dll+0x2cd30]  (no source info available)
C  [KERNEL32.DLL+0x2e957]  (no source info available)
C  [ntdll.dll+0xaad6c]  (no source info available)

Lock stack of current Java thread (top to bottom):


---------------  P R O C E S S  ---------------

Threads class SMR info:
_java_thread_list=0x00007ffa7e856388, length=0, elements={
}

Java Threads: ( => current thread )
Total: 0

Other Threads:
  0x000001904a7c4020 WorkerThread "GC Thread#0"                     [id=54428, stack(0x0000000346d00000,0x0000000346e00000) (1024K)]
  0x000001906c9d3d10 ConcurrentGCThread "G1 Main Marker"            [id=53872, stack(0x0000000346e00000,0x0000000346f00000) (1024K)]
  0x000001906c9d46b0 WorkerThread "G1 Conc#0"                       [id=29960, stack(0x0000000346f00000,0x0000000347000000) (1024K)]

[error occurred during error reporting (printing all threads), id 0xc0000005, EXCEPTION_ACCESS_VIOLATION (0xc0000005) at pc=0x00007ffa7df353da]
VM state: not at safepoint (not fully initialized)

VM Mutex/Monitor currently owned by a thread:  ([mutex/lock_event])
[0x00007ffa7e8da788] Heap_lock - owner thread: 0x000001904a715680

Heap address: 0x0000000605c00000, size: 8100 MB, Compressed Oops mode: Zero based, Oop shift amount: 3

CDS archive(s) mapped at: [0x0000000000000000-0x0000000000000000-0x0000000000000000), size 0, SharedBaseAddress: 0x0000000800000000, ArchiveRelocationMode: 1.
UseCompressedClassPointers 1, UseCompactObjectHeaders 0
Narrow klass pointer bits 32, Max shift 3
Narrow klass base: 0xffffffffffffffff, Narrow klass shift: -1
Encoding Range: [0xffffffffffffffff - 0x000000007fffffff), (2147483648 bytes)
Klass Range:    [0x0000000000000000 - 0x0000000000000000), (0 bytes)
Klass ID Range:  [4294967295 - 0) (1)
No protection zone.

GC Precious Log:
 CardTable entry size: 512
 Card Set container configuration: InlinePtr #cards 4 size 8 Array Of Cards #cards 32 size 80 Howl #buckets 8 coarsen threshold 7372 Howl Bitmap #cards 1024 size 144 coarsen threshold 921 Card regions per heap region 1 cards per card region 8192

Heap:
 garbage-first heap   total reserved 8294400K, committed 0K, used 0K [0x0000000605c00000, 0x0000000800000000)
  region size 4096K, 0 young (0K), 0 survivors (0K)

Heap Regions: E=young(eden), S=young(survivor), O=old, HS=humongous(starts), HC=humongous(continues), CS=collection set, F=free, TAMS=top-at-mark-start, PB=parsable bottom

Card table byte_map: [0x0000019063a40000,0x0000019064a20000] _byte_map_base: 0x0000019060a12000

Marking Bits: (CMBitMap*) 0x000001904a7c66c0
 Bits: [0x0000019064a20000, 0x000001906c8b0000)

GC Heap Usage History (0 events):
No events

Metaspace Usage History (0 events):
No events

Dll operation events (1 events):
Event: 0.166 Loaded shared library C:\Program Files\jdk-25.0.3\bin\java.dll

Deoptimization events (0 events):
No events

Classes loaded (0 events):
No events

Classes unloaded (0 events):
No events

Classes redefined (0 events):
No events

Internal exceptions (0 events):
No events

VM Operations (0 events):
No events

Memory protections (0 events):
No events

Nmethod flushes (0 events):
No events

Events (0 events):
No events


Dynamic libraries:
0x00007ff6eb210000 - 0x00007ff6eb220000 	C:\Program Files\jdk-25.0.3\bin\java.exe
0x00007ffb58680000 - 0x00007ffb588e6000 	C:\WINDOWS\SYSTEM32\ntdll.dll
0x00007ffb57150000 - 0x00007ffb57219000 	C:\WINDOWS\System32\KERNEL32.DLL
0x00007ffb55a10000 - 0x00007ffb55e0e000 	C:\WINDOWS\System32\KERNELBASE.dll
0x00007ffb55e20000 - 0x00007ffb55f6c000 	C:\WINDOWS\System32\ucrtbase.dll
0x00007ffb287b0000 - 0x00007ffb287ce000 	C:\Program Files\jdk-25.0.3\bin\VCRUNTIME140.dll
0x00007ffb27960000 - 0x00007ffb27977000 	C:\Program Files\jdk-25.0.3\bin\jli.dll
0x00007ffb563b0000 - 0x00007ffb56577000 	C:\WINDOWS\System32\USER32.dll
0x00007ffb560d0000 - 0x00007ffb560f7000 	C:\WINDOWS\System32\win32u.dll
0x00007ffb36390000 - 0x00007ffb36622000 	C:\WINDOWS\WinSxS\amd64_microsoft.windows.common-controls_6595b64144ccf1df_6.0.26100.8875_none_3e0d5d42e32fe9dd\COMCTL32.dll
0x00007ffb58300000 - 0x00007ffb5832b000 	C:\WINDOWS\System32\GDI32.dll
0x00007ffb58460000 - 0x00007ffb58509000 	C:\WINDOWS\System32\msvcrt.dll
0x00007ffb56100000 - 0x00007ffb5622a000 	C:\WINDOWS\System32\gdi32full.dll
0x00007ffb558a0000 - 0x00007ffb55943000 	C:\WINDOWS\System32\msvcp_win.dll
0x00007ffb582c0000 - 0x00007ffb582f2000 	C:\WINDOWS\System32\IMM32.DLL
0x00007ffb2a430000 - 0x00007ffb2a43c000 	C:\Program Files\jdk-25.0.3\bin\vcruntime140_1.dll
0x00007ffaca070000 - 0x00007ffaca0fd000 	C:\Program Files\jdk-25.0.3\bin\msvcp140.dll
0x00007ffa7db60000 - 0x00007ffa7e9c0000 	C:\Program Files\jdk-25.0.3\bin\server\jvm.dll
0x00007ffb583a0000 - 0x00007ffb58457000 	C:\WINDOWS\System32\ADVAPI32.dll
0x00007ffb56a90000 - 0x00007ffb56b3a000 	C:\WINDOWS\System32\sechost.dll
0x00007ffb57220000 - 0x00007ffb57338000 	C:\WINDOWS\System32\RPCRT4.dll
0x00007ffb56f30000 - 0x00007ffb56fb0000 	C:\WINDOWS\System32\WS2_32.dll
0x00007ffb543e0000 - 0x00007ffb5443e000 	C:\WINDOWS\SYSTEM32\POWRPROF.dll
0x00007ffb4d650000 - 0x00007ffb4d686000 	C:\WINDOWS\SYSTEM32\WINMM.dll
0x00007ffb4d720000 - 0x00007ffb4d72b000 	C:\WINDOWS\SYSTEM32\VERSION.dll
0x00007ffb543c0000 - 0x00007ffb543d4000 	C:\WINDOWS\SYSTEM32\UMPDC.dll
0x00007ffb546a0000 - 0x00007ffb546bb000 	C:\WINDOWS\SYSTEM32\kernel.appcore.dll
0x00007ffb29b30000 - 0x00007ffb29b3a000 	C:\Program Files\jdk-25.0.3\bin\jimage.dll
0x00007ffb527c0000 - 0x00007ffb52a02000 	C:\WINDOWS\SYSTEM32\DBGHELP.DLL
0x00007ffb56ba0000 - 0x00007ffb56f23000 	C:\WINDOWS\System32\combase.dll
0x00007ffb58160000 - 0x00007ffb58239000 	C:\WINDOWS\System32\OLEAUT32.dll
0x00007ffb2d520000 - 0x00007ffb2d55b000 	C:\WINDOWS\SYSTEM32\dbgcore.DLL
0x00007ffb55950000 - 0x00007ffb559fc000 	C:\WINDOWS\System32\bcryptPrimitives.dll
0x00007ffb27760000 - 0x00007ffb2777f000 	C:\Program Files\jdk-25.0.3\bin\java.dll
0x00007ffb574b0000 - 0x00007ffb57649000 	C:\WINDOWS\System32\ole32.dll
0x00007ffb577e0000 - 0x00007ffb57f72000 	C:\WINDOWS\System32\SHELL32.dll

JVMTI agents: none

dbghelp: loaded successfully - version: 4.0.5 - missing functions: none
symbol engine: initialized successfully - sym options: 0x614 - pdb path: .;C:\Program Files\jdk-25.0.3\bin;C:\WINDOWS\SYSTEM32;C:\WINDOWS\WinSxS\amd64_microsoft.windows.common-controls_6595b64144ccf1df_6.0.26100.8875_none_3e0d5d42e32fe9dd;C:\Program Files\jdk-25.0.3\bin\server

VM Arguments:
jvm_args: --enable-native-access=ALL-UNNAMED 
java_command: <unknown>
java_class_path (initial): <not set>
Launcher Type: SUN_STANDARD

[Global flags]
     intx CICompilerCount                          = 12                                        {product} {ergonomic}
     uint ConcGCThreads                            = 4                                         {product} {ergonomic}
     uint G1ConcRefinementThreads                  = 15                                        {product} {ergonomic}
   size_t G1HeapRegionSize                         = 4194304                                   {product} {ergonomic}
   size_t InitialHeapSize                          = 532676608                                 {product} {ergonomic}
   size_t MarkStackSize                            = 4194304                                   {product} {ergonomic}
   size_t MarkStackSizeMax                         = 536870912                                 {product} {ergonomic}
   size_t MaxHeapSize                              = 8493465600                                {product} {ergonomic}
   size_t MinHeapDeltaBytes                        = 4194304                                   {product} {ergonomic}
   size_t MinHeapSize                              = 8388608                                   {product} {ergonomic}
    uintx NonNMethodCodeHeapSize                   = 7602176                                {pd product} {ergonomic}
    uintx NonProfiledCodeHeapSize                  = 122093568                              {pd product} {ergonomic}
    uintx ProfiledCodeHeapSize                     = 121962496                              {pd product} {ergonomic}
    uintx ReservedCodeCacheSize                    = 251658240                              {pd product} {ergonomic}
     bool SegmentedCodeCache                       = true                                      {product} {ergonomic}
   size_t SoftMaxHeapSize                          = 8493465600                             {manageable} {ergonomic}
     bool UseCompressedOops                        = true                           {product lp64_product} {ergonomic}
     bool UseG1GC                                  = true                                      {product} {ergonomic}
     bool UseLargePagesIndividualAllocation        = false                                  {pd product} {ergonomic}

Logging:
Log output configuration:
 #0: stdout all=warning uptime,level,tags foldmultilines=false
 #1: stderr all=off uptime,level,tags foldmultilines=false

Release file:
<release file has not been read>
Environment Variables:
JAVA_HOME=C:/Program Files/jdk-25.0.3
PATH=C:\Users\petsp\bin;C:\Program Files\Git\mingw64\bin;C:\Program Files\Git\usr\local\bin;C:\Program Files\Git\usr\bin;C:\Program Files\Git\usr\bin;C:\Program Files\Git\mingw64\bin;C:\Program Files\Git\usr\bin;C:\Users\petsp\bin;C:\Users\petsp\AppData\Local\JetBrains\IntelliJIdea2026.1\acp-agents\.runtimes\node\24.13.0\npm-cache\_npx\54791604d6f9e31a\node_modules\.bin;C:\Users\petsp\IdeaProjects\Sonrisa\node_modules\.bin;C:\Users\petsp\IdeaProjects\node_modules\.bin;C:\Users\petsp\node_modules\.bin;C:\Users\node_modules\.bin;C:\node_modules\.bin;C:\Users\petsp\AppData\Local\JetBrains\IntelliJIdea2026.1\acp-agents\.runtimes\node\24.13.0\bin\node_modules\npm\node_modules\@npmcli\run-script\lib\node-gyp-bin;C:\Users\petsp\AppData\Local\JetBrains\IntelliJIdea2026.1\acp-agents\.runtimes\node\24.13.0\bin;C:\Windows\system32;C:\Windows;C:\Windows\System32\Wbem;C:\Windows\System32\WindowsPowerShell\v1.0;C:\Windows\System32\OpenSSH;C:\Program Files (x86)\NVIDIA Corporation\PhysX\Common;C:\Program Files\dotnet;C:\Program Files\ImageMagick-7.1.1-Q16-HDRI;C:\WINDOWS\system32;C:\WINDOWS;C:\WINDOWS\System32\Wbem;C:\WINDOWS\System32\WindowsPowerShell\v1.0;C:\WINDOWS\System32\OpenSSH;C:\Program Files\NVIDIA Corporation\NVIDIA App\NvDLISR;C:\Program Files\jdk-25.0.3\bin;C:\Program Files\nodejs;C:\Program Files\apache-maven-3.9.16\bin;C:\Program Files\Git\cmd;C:\Users\petsp\AppData\Local\Microsoft\WindowsApps;C:\Users\petsp\AppData\Local\Programs\Microsoft VS Code\bin;C:\Users\petsp\AppData\Local\Python\bin;C:\Users\petsp\AppData\Roaming\npm;C:\Users\petsp\AppData\Local\Programs\DockerDesktop\resources\bin;C:\Program Files\Git\usr\bin\vendor_perl;C:\Program Files\Git\usr\bin\core_perl
USERNAME=petsp
SHELL=C:\Program Files\Git\usr\bin\bash.exe
TERM=xterm-256color
OS=Windows_NT
PROCESSOR_IDENTIFIER=Intel64 Family 6 Model 186 Stepping 2, GenuineIntel
TMP=C:\Users\petsp\AppData\Local\Temp
TEMP=C:\Users\petsp\AppData\Local\Temp




Compilation memory statistics disabled.

Periodic native trim disabled

---------------  S Y S T E M  ---------------

OS:
 Windows 11 , 64 bit Build 26100 (10.0.26100.8875)
OS uptime: 17 days 1:27 hours
Hyper-V role detected

CPU: total 20 (initial active 20) (10 cores per cpu, 2 threads per core) family 6 model 186 stepping 2 microcode 0x4122, cx8, cmov, fxsr, ht, mmx, 3dnowpref, sse, sse2, sse3, ssse3, sse4.1, sse4.2, popcnt, lzcnt, tsc, tscinvbit, avx, avx2, aes, erms, clmul, bmi1, bmi2, adx, sha, fma, vzeroupper, clflush, clflushopt, clwb, hv, serialize, rdtscp, rdpid, fsrm, gfni, f16c, cet_ibt, cet_ss
Processor Information for processor 0
  Max Mhz: 2600, Current Mhz: 2600, Mhz Limit: 2600
Processor Information for processor 1
  Max Mhz: 2600, Current Mhz: 2600, Mhz Limit: 2600
Processor Information for processor 2
  Max Mhz: 2600, Current Mhz: 2600, Mhz Limit: 2600
Processor Information for processor 3
  Max Mhz: 2600, Current Mhz: 2600, Mhz Limit: 2600
Processor Information for processor 4
  Max Mhz: 2600, Current Mhz: 2600, Mhz Limit: 2600
Processor Information for processor 5
  Max Mhz: 2600, Current Mhz: 2600, Mhz Limit: 2600
Processor Information for processor 6
  Max Mhz: 2600, Current Mhz: 2600, Mhz Limit: 2600
Processor Information for processor 7
  Max Mhz: 2600, Current Mhz: 2600, Mhz Limit: 2600
Processor Information for processor 8
  Max Mhz: 2600, Current Mhz: 2600, Mhz Limit: 2600
Processor Information for processor 9
  Max Mhz: 2600, Current Mhz: 2600, Mhz Limit: 2600
Processor Information for processor 10
  Max Mhz: 2600, Current Mhz: 2600, Mhz Limit: 2600
Processor Information for processor 11
  Max Mhz: 2600, Current Mhz: 2600, Mhz Limit: 2600
Processor Information for processor 12
  Max Mhz: 2600, Current Mhz: 2600, Mhz Limit: 2600
Processor Information for processor 13
  Max Mhz: 2600, Current Mhz: 1505, Mhz Limit: 2600
Processor Information for processor 14
  Max Mhz: 2600, Current Mhz: 2600, Mhz Limit: 2600
Processor Information for processor 15
  Max Mhz: 2600, Current Mhz: 2600, Mhz Limit: 2600
Processor Information for processor 16
  Max Mhz: 2600, Current Mhz: 2600, Mhz Limit: 2600
Processor Information for processor 17
  Max Mhz: 2600, Current Mhz: 2600, Mhz Limit: 2600
Processor Information for processor 18
  Max Mhz: 2600, Current Mhz: 1505, Mhz Limit: 2600
Processor Information for processor 19
  Max Mhz: 2600, Current Mhz: 1505, Mhz Limit: 2600

Memory: 4k page, system-wide physical 32394M (3518M free)
TotalPageFile size 64206M (AvailPageFile size 301M)
current process WorkingSet (physical memory assigned to process): 15M, peak: 15M
current process commit charge ("private bytes"): 76M, peak: 583M

vm_info: Java HotSpot(TM) 64-Bit Server VM (25.0.3+9-LTS-195) for windows-amd64 JRE (25.0.3+9-LTS-195), built on 2026-03-11T00:20:00Z with MS VC++ 17.13 (VS2022)

END.
